// Jest Snapshot v1, https://goo.gl/fbAQLP

exports[`Footer should render correctly 1`] = `
<Fragment>
  <footer
    className="global-footer"
  >
    <div
      className="container"
    >
      <div
        className="row"
      >
        <div
          className="three-quarters"
        >
          <ul
            className="footer-links"
          >
            <li
              key="http://www.ca.gov/Use"
            >
              <A
                href="http://www.ca.gov/Use"
                iconProps={null}
                text="Conditions of Use"
                to=""
              />
            </li>
            <li
              key="http://www.ca.gov/Privacy"
            >
              <A
                href="http://www.ca.gov/Privacy"
                iconProps={null}
                text="Privacy Policy"
                to=""
              />
            </li>
            <li
              key="http://www.ca.gov/Accessibility"
            >
              <A
                href="http://www.ca.gov/Accessibility"
                iconProps={null}
                text="Accessibility"
                to=""
              />
            </li>
            <li>
              <A
                href="http://www.google.com"
                iconProps={null}
                text="link text"
                to=""
              />
            </li>
          </ul>
        </div>
        <div
          className="quarter text-right"
        >
          <ul
            className="socialsharer-container"
          >
            <li
              key="https://www.flickr.com/groups/californiagovernment"
            >
              <A
                href="https://www.flickr.com/groups/californiagovernment"
                iconProps={
                  Object {
                    "name": "flickr",
                    "srOnly": "Flickr",
                  }
                }
                text=""
                to=""
              />
            </li>
            <li
              key="https://www.pinterest.com/cagovernment"
            >
              <A
                href="https://www.pinterest.com/cagovernment"
                iconProps={
                  Object {
                    "name": "pinterest",
                    "srOnly": "Pinterest",
                  }
                }
                text=""
                to=""
              />
            </li>
            <li
              key="https://twitter.com/cagovernment"
            >
              <A
                href="https://twitter.com/cagovernment"
                iconProps={
                  Object {
                    "name": "twitter",
                    "srOnly": "Twitter",
                  }
                }
                text=""
                to=""
              />
            </li>
            <li
              key="https://www.youtube.com/user/californiagovernment"
            >
              <A
                href="https://www.youtube.com/user/californiagovernment"
                iconProps={
                  Object {
                    "name": "youtube",
                    "srOnly": "YouTube",
                  }
                }
                text=""
                to=""
              />
            </li>
          </ul>
        </div>
      </div>
    </div>
    <div
      className="copyright"
    >
      <div
        className="container d-flex justify-content-between"
      >
        <span>
          Copyright © 2000
        </span>
        <span>
          v0.0.1
        </span>
      </div>
    </div>
  </footer>
  <div
    className="decoration-last"
  >
     
  </div>
</Fragment>
`;
