// Jest Snapshot v1, https://goo.gl/fbAQLP

exports[`App render should render correctly 1`] = `
<Router
  history={Object {}}
>
  <ErrorBoundary>
    <Header
      align="right"
      brandingLogo={
        Object {
          "alt": "Office of Digital Innovation logo",
          "href": "https://cdt.ca.gov/",
          "src": "office-of-digital-innovation-logo.png",
        }
      }
      contactLink={
        Object {
          "href": "https://cdt.ca.gov/support/",
          "text": "Contact Us",
        }
      }
      fixed={true}
      routes={Array []}
      title={null}
    />
    <withRouter(Routing)
      redirect={null}
      routes={Array []}
    />
    <Footer
      contactLink={
        Object {
          "href": "https://cdt.ca.gov/support/",
          "text": "Contact Us",
        }
      }
    />
    <button
      className="return-top"
      onClick={[Function]}
      type="button"
    />
  </ErrorBoundary>
</Router>
`;
