// Jest Snapshot v1, https://goo.gl/fbAQLP

exports[`DatePicker should render correctly 1`] = `
<div
  className="field-date has-feedback"
>
  <input
    autoComplete="off"
    className="form-control"
    disabled={false}
    id="testName"
    name="testName"
    onChange={[Function]}
    value="2001-05-08"
  />
  <Icon
    className="form-control-feedback"
    name="calendar"
    tag="span"
  />
  <input
    className="hidden"
  />
</div>
`;
