// Jest Snapshot v1, https://goo.gl/fbAQLP

exports[`FieldDate should render correctly 1`] = `
<div
  className="field__date test-classname"
  data-test="field__date"
>
  <input
    aria-describedby="aria-desc-id"
    aria-invalid="false"
    autoComplete="off"
    className="form-control"
    data-test="field__date-control"
    disabled={false}
    id="test-id"
    label="test-label"
    name="test-name"
    onBlur={[Function]}
    onChange={[Function]}
    onFocus={[Function]}
    value="2020-05-02"
  />
  <Icon
    className="field__date-icon"
    data-test="field__date-icon"
    name="calendar"
    tag="span"
  />
  <input
    disabled={false}
    type="hidden"
  />
</div>
`;
