// Jest Snapshot v1, https://goo.gl/fbAQLP

exports[`Checkbox should render correctly 1`] = `
<label
  className="form-check-inline p-l-md m-l-0 m-r-md"
>
  <input
    checked={false}
    className="hidden-up pos-abs"
    disabled={false}
    name="testName"
    onChange={[Function]}
    type="checkbox"
  />
  <div
    className="check-icon-checkbox"
  >
    <i
      className="ca-gov-icon-check-mark"
    />
  </div>
  test label
</label>
`;
