// Jest Snapshot v1, https://goo.gl/fbAQLP

exports[`FieldWrapper should render correctly 1`] = `
<div
  className="form-group has-error"
>
  <label
    className="control-label"
    data-test="label"
  >
    <span
      className="required-label"
      data-test="required"
    >
      * 
    </span>
    test label
  </label>
  <Child />
  <small
    className="feedback"
    data-test="error"
  >
    test error
  </small>
  <p
    className="help-block"
    data-test="help"
  >
    test help text
  </p>
</div>
`;
