// Jest Snapshot v1, https://goo.gl/fbAQLP

exports[`FieldCheckboxes should render correctly 1`] = `
<FieldWrapper
  className=""
  data-test="field-checkboxes"
  disabled={false}
  helpText=""
  label="test label"
  meta={
    Object {
      "error": null,
      "touched": false,
    }
  }
  name="testName"
  required={false}
>
  <div
    className="field-check"
  >
    <Checkbox
      disabled={false}
      input={
        Object {
          "name": "testName",
          "onChange": [MockFunction],
          "value": "test value",
        }
      }
      key="v1"
      label="l1"
      value="v1"
      variant={null}
    />
    <Checkbox
      disabled={false}
      input={
        Object {
          "name": "testName",
          "onChange": [MockFunction],
          "value": "test value",
        }
      }
      key="v2"
      label="l2"
      value="v2"
      variant={null}
    />
  </div>
</FieldWrapper>
`;
