// Jest Snapshot v1, https://goo.gl/fbAQLP

exports[`FieldRadioButtons should render correctly 1`] = `
<div
  aria-label="test-label"
  className="field-radio"
  data-test="field--radio-buttons"
  role="group"
>
  <RadioButton
    aria-describedby={null}
    aria-invalid="false"
    className=""
    disabled={false}
    inline={false}
    key="value-1"
    name="test-name"
    onChange={[MockFunction]}
    option={
      Object {
        "label": "label-1",
        "value": "value-1",
      }
    }
    value="value-2"
    variant={null}
  />
  <RadioButton
    aria-describedby={null}
    aria-invalid="false"
    className=""
    disabled={false}
    inline={false}
    key="value-2"
    name="test-name"
    onChange={[MockFunction]}
    option={
      Object {
        "label": "label-2",
        "value": "value-2",
      }
    }
    value="value-2"
    variant={null}
  />
</div>
`;
